// Jest Snapshot v1, https://goo.gl/fbAQLP

exports[`Typography component render correct match snapshot with default typography 1`] = `
<Text
  style={
    Array [
      undefined,
      Object {
        "color": "#000000",
        "fontSize": 29,
        "fontWeight": "400",
        "lineHeight": 18,
      },
    ]
  }
>
  Janis Picking
</Text>
`;
